// Jest Snapshot v1, https://goo.gl/fbAQLP

exports[`DocumentUpload renders correctly with default state 1`] = `
<View
  style={
    {
      "backgroundColor": "white",
      "borderRadius": 16,
      "elevation": 5,
      "marginHorizontal": 16,
      "marginVertical": 8,
      "padding": 20,
      "shadowColor": "#000",
      "shadowOffset": {
        "height": 2,
        "width": 0,
      },
      "shadowOpacity": 0.1,
      "shadowRadius": 8,
    }
  }
>
  <View
    style={
      {
        "marginBottom": 20,
      }
    }
  >
    <Text
      style={
        {
          "color": "#1f2937",
          "fontSize": 20,
          "fontWeight": "600",
          "marginBottom": 8,
        }
      }
    >
      ðŸ“„ Upload Statement
    </Text>
    <Text
      style={
        {
          "color": "#6b7280",
          "fontSize": 14,
          "lineHeight": 20,
        }
      }
    >
      Upload CSV or PDF statements to automatically update your debt information
    </Text>
  </View>
  <View
    accessibilityState={
      {
        "busy": undefined,
        "checked": undefined,
        "disabled": false,
        "expanded": undefined,
        "selected": undefined,
      }
    }
    accessibilityValue={
      {
        "max": undefined,
        "min": undefined,
        "now": undefined,
        "text": undefined,
      }
    }
    accessible={true}
    collapsable={false}
    focusable={true}
    onClick={[Function]}
    onResponderGrant={[Function]}
    onResponderMove={[Function]}
    onResponderRelease={[Function]}
    onResponderTerminate={[Function]}
    onResponderTerminationRequest={[Function]}
    onStartShouldSetResponder={[Function]}
    style={
      {
        "alignItems": "center",
        "backgroundColor": "#3b82f6",
        "borderRadius": 12,
        "justifyContent": "center",
        "marginBottom": 16,
        "minHeight": 80,
        "opacity": 1,
        "padding": 20,
      }
    }
  >
    <View
      style={
        {
          "alignItems": "center",
        }
      }
    >
      <Text
        style={
          {
            "fontSize": 24,
            "marginBottom": 8,
          }
        }
      >
        ðŸ“Ž
      </Text>
      <Text
        style={
          {
            "color": "#ffffff",
            "fontSize": 16,
            "fontWeight": "600",
            "marginLeft": 8,
          }
        }
      >
        Choose Document
      </Text>
      <Text
        style={
          {
            "color": "#bfdbfe",
            "fontSize": 12,
            "marginTop": 4,
          }
        }
      >
        CSV or PDF
      </Text>
    </View>
  </View>
  <View
    style={
      {
        "borderTopColor": "#e5e7eb",
        "borderTopWidth": 1,
        "paddingTop": 16,
      }
    }
  >
    <Text
      style={
        {
          "color": "#374151",
          "fontSize": 14,
          "fontWeight": "600",
          "marginBottom": 8,
        }
      }
    >
      ðŸ“‹ Supported Formats:
    </Text>
    <Text
      style={
        {
          "color": "#6b7280",
          "fontSize": 12,
          "lineHeight": 16,
          "marginBottom": 4,
        }
      }
    >
      â€¢ CSV files with transaction data
    </Text>
    <Text
      style={
        {
          "color": "#6b7280",
          "fontSize": 12,
          "lineHeight": 16,
          "marginBottom": 4,
        }
      }
    >
      â€¢ PDF bank and credit card statements
    </Text>
    <Text
      style={
        {
          "color": "#6b7280",
          "fontSize": 12,
          "lineHeight": 16,
          "marginBottom": 4,
        }
      }
    >
      â€¢ Maximum file size: 10MB
    </Text>
  </View>
</View>
`;
