// Jest Snapshot v1, https://goo.gl/fbAQLP

exports[`Dashboard snapshot 1`] = `
<RCTSafeAreaView
  style={
    {
      "backgroundColor": "#f3f4f6",
      "flex": 1,
    }
  }
>
  <RCTScrollView
    showsVerticalScrollIndicator={false}
    style={
      {
        "flex": 1,
      }
    }
  >
    <View>
      <View
        style={
          {
            "backgroundColor": "white",
            "borderBottomColor": "#e5e7eb",
            "borderBottomWidth": 1,
            "marginBottom": 16,
            "padding": 24,
          }
        }
      >
        <Text
          style={
            {
              "color": "#1f2937",
              "fontSize": 28,
              "fontWeight": "700",
              "marginBottom": 4,
            }
          }
        >
          ðŸ’³ DebtFree Pro
        </Text>
        <Text
          style={
            {
              "color": "#6b7280",
              "fontSize": 16,
            }
          }
        >
          Smart debt payoff using the proven snowball method
        </Text>
      </View>
      <View
        style={
          {
            "backgroundColor": "white",
            "borderRadius": 16,
            "elevation": 5,
            "margin": 16,
            "marginTop": 0,
            "padding": 20,
            "shadowColor": "#000",
            "shadowOffset": {
              "height": 2,
              "width": 0,
            },
            "shadowOpacity": 0.1,
            "shadowRadius": 8,
          }
        }
      >
        <Text
          style={
            {
              "color": "#1f2937",
              "fontSize": 20,
              "fontWeight": "600",
              "marginBottom": 16,
            }
          }
        >
          ðŸŽ¯ Your Progress
        </Text>
        <View
          style={
            {
              "marginBottom": 16,
            }
          }
        >
          <View
            style={
              {
                "flexDirection": "row",
                "justifyContent": "space-between",
                "marginBottom": 8,
              }
            }
          >
            <Text
              style={
                {
                  "color": "#1f2937",
                  "fontSize": 16,
                  "fontWeight": "600",
                }
              }
            >
              Overall Progress
            </Text>
            <Text
              style={
                {
                  "color": "#6b7280",
                  "fontSize": 14,
                }
              }
            >
              23
              % Complete
            </Text>
          </View>
          <View
            style={
              {
                "backgroundColor": "#e5e7eb",
                "borderRadius": 4,
                "height": 8,
                "overflow": "hidden",
              }
            }
          >
            <View
              style={
                [
                  {
                    "backgroundColor": "#10b981",
                    "borderRadius": 4,
                    "height": "100%",
                  },
                  {
                    "width": "23%",
                  },
                ]
              }
            />
          </View>
        </View>
        <View
          style={
            {
              "flexDirection": "row",
              "marginBottom": 12,
              "marginHorizontal": -4,
            }
          }
        >
          <View
            style={
              {
                "alignItems": "center",
                "backgroundColor": "rgba(255, 255, 255, 0.9)",
                "borderColor": "rgba(255, 255, 255, 0.3)",
                "borderRadius": 12,
                "borderWidth": 1,
                "flex": 1,
                "marginHorizontal": 4,
                "padding": 16,
              }
            }
          >
            <Text
              style={
                {
                  "fontSize": 24,
                  "marginBottom": 8,
                }
              }
            >
              ðŸ’°
            </Text>
            <Text
              style={
                {
                  "color": "#1f2937",
                  "fontSize": 20,
                  "fontWeight": "700",
                  "marginBottom": 4,
                }
              }
            >
              $0.00
            </Text>
            <Text
              style={
                {
                  "color": "#6b7280",
                  "fontSize": 12,
                  "textAlign": "center",
                }
              }
            >
              Total Debt
            </Text>
          </View>
          <View
            style={
              {
                "alignItems": "center",
                "backgroundColor": "rgba(255, 255, 255, 0.9)",
                "borderColor": "rgba(255, 255, 255, 0.3)",
                "borderRadius": 12,
                "borderWidth": 1,
                "flex": 1,
                "marginHorizontal": 4,
                "padding": 16,
              }
            }
          >
            <Text
              style={
                {
                  "fontSize": 24,
                  "marginBottom": 8,
                }
              }
            >
              ðŸ“…
            </Text>
            <Text
              style={
                {
                  "color": "#1f2937",
                  "fontSize": 20,
                  "fontWeight": "700",
                  "marginBottom": 4,
                }
              }
            >
              $0.00
            </Text>
            <Text
              style={
                {
                  "color": "#6b7280",
                  "fontSize": 12,
                  "textAlign": "center",
                }
              }
            >
              Monthly Payments
            </Text>
          </View>
        </View>
        <View
          style={
            {
              "flexDirection": "row",
              "marginBottom": 12,
              "marginHorizontal": -4,
            }
          }
        >
          <View
            style={
              {
                "alignItems": "center",
                "backgroundColor": "rgba(255, 255, 255, 0.9)",
                "borderColor": "rgba(255, 255, 255, 0.3)",
                "borderRadius": 12,
                "borderWidth": 1,
                "flex": 1,
                "marginHorizontal": 4,
                "padding": 16,
              }
            }
          >
            <Text
              style={
                {
                  "fontSize": 24,
                  "marginBottom": 8,
                }
              }
            >
              ðŸŽ¯
            </Text>
            <Text
              style={
                {
                  "color": "#1f2937",
                  "fontSize": 20,
                  "fontWeight": "700",
                  "marginBottom": 4,
                }
              }
            >
              3.2 years
            </Text>
            <Text
              style={
                {
                  "color": "#6b7280",
                  "fontSize": 12,
                  "textAlign": "center",
                }
              }
            >
              Debt-Free Date
            </Text>
          </View>
          <View
            style={
              {
                "alignItems": "center",
                "backgroundColor": "rgba(255, 255, 255, 0.9)",
                "borderColor": "rgba(255, 255, 255, 0.3)",
                "borderRadius": 12,
                "borderWidth": 1,
                "flex": 1,
                "marginHorizontal": 4,
                "padding": 16,
              }
            }
          >
            <Text
              style={
                {
                  "fontSize": 24,
                  "marginBottom": 8,
                }
              }
            >
              ðŸ’¾
            </Text>
            <Text
              style={
                {
                  "color": "#1f2937",
                  "fontSize": 20,
                  "fontWeight": "700",
                  "marginBottom": 4,
                }
              }
            >
              $3,420
            </Text>
            <Text
              style={
                {
                  "color": "#6b7280",
                  "fontSize": 12,
                  "textAlign": "center",
                }
              }
            >
              Interest Saved
            </Text>
          </View>
        </View>
      </View>
      <View
        style={
          {
            "backgroundColor": "white",
            "borderRadius": 16,
            "elevation": 5,
            "marginHorizontal": 16,
            "marginVertical": 8,
            "padding": 20,
            "shadowColor": "#000",
            "shadowOffset": {
              "height": 2,
              "width": 0,
            },
            "shadowOpacity": 0.1,
            "shadowRadius": 8,
          }
        }
      >
        <View
          style={
            {
              "marginBottom": 20,
            }
          }
        >
          <Text
            style={
              {
                "color": "#1f2937",
                "fontSize": 20,
                "fontWeight": "600",
                "marginBottom": 8,
              }
            }
          >
            ðŸ“„ Upload Statement
          </Text>
          <Text
            style={
              {
                "color": "#6b7280",
                "fontSize": 14,
                "lineHeight": 20,
              }
            }
          >
            Upload CSV or PDF statements to automatically update your debt information
          </Text>
        </View>
        <View
          accessibilityState={
            {
              "busy": undefined,
              "checked": undefined,
              "disabled": false,
              "expanded": undefined,
              "selected": undefined,
            }
          }
          accessibilityValue={
            {
              "max": undefined,
              "min": undefined,
              "now": undefined,
              "text": undefined,
            }
          }
          accessible={true}
          collapsable={false}
          focusable={true}
          onClick={[Function]}
          onResponderGrant={[Function]}
          onResponderMove={[Function]}
          onResponderRelease={[Function]}
          onResponderTerminate={[Function]}
          onResponderTerminationRequest={[Function]}
          onStartShouldSetResponder={[Function]}
          style={
            {
              "alignItems": "center",
              "backgroundColor": "#3b82f6",
              "borderRadius": 12,
              "justifyContent": "center",
              "marginBottom": 16,
              "minHeight": 80,
              "opacity": 1,
              "padding": 20,
            }
          }
        >
          <View
            style={
              {
                "alignItems": "center",
              }
            }
          >
            <Text
              style={
                {
                  "fontSize": 24,
                  "marginBottom": 8,
                }
              }
            >
              ðŸ“Ž
            </Text>
            <Text
              style={
                {
                  "color": "#ffffff",
                  "fontSize": 16,
                  "fontWeight": "600",
                  "marginLeft": 8,
                }
              }
            >
              Choose Document
            </Text>
            <Text
              style={
                {
                  "color": "#bfdbfe",
                  "fontSize": 12,
                  "marginTop": 4,
                }
              }
            >
              CSV or PDF
            </Text>
          </View>
        </View>
        <View
          style={
            {
              "borderTopColor": "#e5e7eb",
              "borderTopWidth": 1,
              "paddingTop": 16,
            }
          }
        >
          <Text
            style={
              {
                "color": "#374151",
                "fontSize": 14,
                "fontWeight": "600",
                "marginBottom": 8,
              }
            }
          >
            ðŸ“‹ Supported Formats:
          </Text>
          <Text
            style={
              {
                "color": "#6b7280",
                "fontSize": 12,
                "lineHeight": 16,
                "marginBottom": 4,
              }
            }
          >
            â€¢ CSV files with transaction data
          </Text>
          <Text
            style={
              {
                "color": "#6b7280",
                "fontSize": 12,
                "lineHeight": 16,
                "marginBottom": 4,
              }
            }
          >
            â€¢ PDF bank and credit card statements
          </Text>
          <Text
            style={
              {
                "color": "#6b7280",
                "fontSize": 12,
                "lineHeight": 16,
                "marginBottom": 4,
              }
            }
          >
            â€¢ Maximum file size: 10MB
          </Text>
        </View>
      </View>
      <View
        style={
          {
            "backgroundColor": "white",
            "borderRadius": 16,
            "elevation": 5,
            "margin": 16,
            "marginTop": 0,
            "padding": 20,
            "shadowColor": "#000",
            "shadowOffset": {
              "height": 2,
              "width": 0,
            },
            "shadowOpacity": 0.1,
            "shadowRadius": 8,
          }
        }
      >
        <Text
          style={
            {
              "color": "#1f2937",
              "fontSize": 20,
              "fontWeight": "600",
              "marginBottom": 16,
            }
          }
        >
          ðŸ’³ Your Debts
        </Text>
      </View>
    </View>
  </RCTScrollView>
</RCTSafeAreaView>
`;
